1 BYTE byte
1 ID somebyte
1 ASSIGN =
1 NUM 18
1 B b
1 SC ;
3 STRING also 'simple'
5 STRING escape new lines

11 STRING hex2 :
15 VOID void
16 INT int
17 BYTE byte
18 B b
19 BOOL bool
20 AND and
21 ID And
22 ID Bool
23 OR or
24 ID Or
25 ID OR
26 NOT not
27 ID Not
28 ID NOT
29 ID nOT
30 TRUE true
31 ID True
32 ID TRUE
33 NUM 1
34 FALSE false
35 ID FALSE
36 NUM 0
37 ID False
38 RETURN return
39 ID RETURN
40 ID Return
41 ID ReTuRn
42 IF if
43 ID IF
44 ID If
45 ID iF
46 ELSE else
47 ID ELSE
48 ID Else
49 WHILE while
50 ID WHILE
51 ID While
52 BREAK break
53 ID BREAK
54 ID Break
55 CONTINUE continue
56 ID CONTINUE
57 ID Continue
58 SC ;
59 COMMA ,
60 LPAREN (
61 RPAREN )
62 LBRACE {
63 RBRACE }
64 ASSIGN =
65 RELOP ==
66 RELOP !=
67 RELOP <
68 RELOP >
69 RELOP <=
70 RELOP >=
71 BINOP +
72 BINOP -
73 BINOP *
74 BINOP /
75 COMMENT //
76 ID blah
76 ID blah
76 COMMENT //
78 ID x
79 ID max
80 ID OO7
81 NUM 12
81 ID AB
82 NUM 42
84 COMMENT //
85 STRING hi	how	are	you
86 STRING Hello World!
This	is	cool, as always.
87 BYTE byte
87 ID x
87 ASSIGN =
87 NUM 15
87 B b
87 SC ;
88 ID print
88 LPAREN (
88 STRING Hello
you!
88 RPAREN )
88 SC ;
89 INT int
89 B b
89 ASSIGN =
89 NUM 15
89 SC ;
90 STRING te
