1 BYTE byte
1 ID x
1 ASSIGN =
1 NUM 15
1 B b
1 SC ;
